C:\flutter\bin\flutter.bat : lib/features/analytics/analytics_providers.dart:37:10: Error: A value of type 
'Map<DateTime, int>' can't be returned from an async function with return type 'Future<List<Map<String, dynamic>>>'.
At line:1 char:1
+ C:\flutter\bin\flutter.bat build bundle > build_output.txt 2>&1
+ ~~~~~~~~~~~~~~~~~~~~~~~~~~~~~~~~~~~~~~~~~~~~~~~~~~~~~~~~~~~~~~~
    + CategoryInfo          : NotSpecified: (lib/features/an...g, dynamic>>>'.:String) [], RemoteException
    + FullyQualifiedErrorId : NativeCommandError
 
 - 'Map' is from 'dart:core'.
 - 'DateTime' is from 'dart:core'.
 - 'Future' is from 'dart:async'.
 - 'List' is from 'dart:core'.
  return await repo.getDailyWorkoutActivity();
         ^
lib/features/analytics/analytics_providers.dart:44:23: Error: The getter 'type' isn't defined for the type 
'BodyMeasurement'.
 - 'BodyMeasurement' is from 'package:ai_gym_mentor/core/domain/entities/body_measurement.dart' 
('lib/core/domain/entities/body_measurement.dart').
Try correcting the name to the name of an existing getter, or defining a getter or field named 'type'.
      .where((m) => m.type.toLowerCase() == 'weight')
                      ^^^^
Target kernel_snapshot_program failed: Exception
#0      KernelSnapshot.build (package:flutter_tools/src/build_system/targets/common.dart:289:7)
<asynchronous suspension>
#1      _BuildInstance._invokeInternal (package:flutter_tools/src/build_system/build_system.dart:937:9)
<asynchronous suspension>
#2      Future.wait.<anonymous closure> (dart:async/future.dart:546:21)
<asynchronous suspension>
#3      _BuildInstance.invokeTarget (package:flutter_tools/src/build_system/build_system.dart:875:32)
<asynchronous suspension>
#4      FlutterBuildSystem.build (package:flutter_tools/src/build_system/build_system.dart:684:16)
<asynchronous suspension>
#5      BundleBuilder.build (package:flutter_tools/src/bundle_builder.dart:78:32)
<asynchronous suspension>
#6      BuildBundleCommand.runCommand (package:flutter_tools/src/commands/build_bundle.dart:144:5)
<asynchronous suspension>
#7      FlutterCommand.run.<anonymous closure> (package:flutter_tools/src/runner/flutter_command.dart:1590:27)
<asynchronous suspension>
#8      AppContext.run.<anonymous closure> (package:flutter_tools/src/base/context.dart:154:19)
<asynchronous suspension>
#9      CommandRunner.runCommand (package:args/command_runner.dart:212:13)
<asynchronous suspension>
#10     FlutterCommandRunner.runCommand.<anonymous closure> 
(package:flutter_tools/src/runner/flutter_command_runner.dart:496:9)
<asynchronous suspension>
#11     AppContext.run.<anonymous closure> (package:flutter_tools/src/base/context.dart:154:19)
<asynchronous suspension>
#12     FlutterCommandRunner.runCommand (package:flutter_tools/src/runner/flutter_command_runner.dart:431:5)
<asynchronous suspension>
#13     FlutterCommandRunner.run.<anonymous closure> 
(package:flutter_tools/src/runner/flutter_command_runner.dart:307:33)
<asynchronous suspension>
#14     run.<anonymous closure>.<anonymous closure> (package:flutter_tools/runner.dart:104:11)
<asynchronous suspension>
#15     AppContext.run.<anonymous closure> (package:flutter_tools/src/base/context.dart:154:19)
<asynchronous suspension>
#16     main (package:flutter_tools/executable.dart:103:3)
<asynchronous suspension>

Failed to build bundle.
